$ ruby -v
jruby 9.2.6.0 (2.5.3) 2019-02-11 15ba00b Java HotSpot(TM) 64-Bit Server VM 25.181-b13 on 1.8.0_181-b13 +jit [linux-x86_64]

$ bundle exec puma -e production --threads=4

$ ab -n 10000 -c 4 localhost:3000/posts
This is ApacheBench, Version 2.3 <$Revision: 1807734 $>
Copyright 1996 Adam Twiss, Zeus Technology Ltd, http://www.zeustech.net/
Licensed to The Apache Software Foundation, http://www.apache.org/

Benchmarking localhost (be patient)
Completed 1000 requests
Completed 2000 requests
Completed 3000 requests
Completed 4000 requests
Completed 5000 requests
Completed 6000 requests
Completed 7000 requests
Completed 8000 requests
Completed 9000 requests
Completed 10000 requests
Finished 10000 requests


Server Software:
Server Hostname:        localhost
Server Port:            3000

Document Path:          /posts
Document Length:        53043 bytes

Concurrency Level:      4
Time taken for tests:   60.454 seconds
Complete requests:      10000
Failed requests:        0
Total transferred:      537464334 bytes
HTML transferred:       530430000 bytes
Requests per second:    165.42 [#/sec] (mean)
Time per request:       24.182 [ms] (mean)
Time per request:       6.045 [ms] (mean, across all concurrent requests)
Transfer rate:          8682.10 [Kbytes/sec] received

Connection Times (ms)
              min  mean[+/-sd] median   max
Connect:        0    0   0.0      0       0
Processing:    15   24  31.5     20    1431
Waiting:       15   24  31.0     19    1426
Total:         15   24  31.5     20    1431

Percentage of the requests served within a certain time (ms)
  50%     20
  66%     25
  75%     27
  80%     28
  90%     32
  95%     36
  98%     53
  99%     66
 100%   1431 (longest request)

$ ab -n 10000 -c 4 localhost:3000/posts.json
This is ApacheBench, Version 2.3 <$Revision: 1807734 $>
Copyright 1996 Adam Twiss, Zeus Technology Ltd, http://www.zeustech.net/
Licensed to The Apache Software Foundation, http://www.apache.org/

Benchmarking localhost (be patient)
Completed 1000 requests
Completed 2000 requests
Completed 3000 requests
Completed 4000 requests
Completed 5000 requests
Completed 6000 requests
Completed 7000 requests
Completed 8000 requests
Completed 9000 requests
Completed 10000 requests
Finished 10000 requests


Server Software:
Server Hostname:        localhost
Server Port:            3000

Document Path:          /posts.json
Document Length:        39764 bytes

Concurrency Level:      4
Time taken for tests:   91.184 seconds
Complete requests:      10000
Failed requests:        0
Total transferred:      402130000 bytes
HTML transferred:       397640000 bytes
Requests per second:    109.67 [#/sec] (mean)
Time per request:       36.474 [ms] (mean)
Time per request:       9.118 [ms] (mean, across all concurrent requests)
Transfer rate:          4306.73 [Kbytes/sec] received

Connection Times (ms)
              min  mean[+/-sd] median   max
Connect:        0    0   0.0      0       1
Processing:    26   36  34.6     30    1548
Waiting:       26   36  34.5     30    1542
Total:         26   36  34.6     31    1548

Percentage of the requests served within a certain time (ms)
  50%     31
  66%     33
  75%     38
  80%     41
  90%     45
  95%     52
  98%     87
  99%    106
 100%   1548 (longest request)

$ ab -n 10000 -c 4 localhost:3000/posts/1
This is ApacheBench, Version 2.3 <$Revision: 1807734 $>
Copyright 1996 Adam Twiss, Zeus Technology Ltd, http://www.zeustech.net/
Licensed to The Apache Software Foundation, http://www.apache.org/

Benchmarking localhost (be patient)
Completed 1000 requests
Completed 2000 requests
Completed 3000 requests
Completed 4000 requests
Completed 5000 requests
Completed 6000 requests
Completed 7000 requests
Completed 8000 requests
Completed 9000 requests
Completed 10000 requests
Finished 10000 requests


Server Software:
Server Hostname:        localhost
Server Port:            3000

Document Path:          /posts/1
Document Length:        1635 bytes

Concurrency Level:      4
Time taken for tests:   27.649 seconds
Complete requests:      10000
Failed requests:        9999
   (Connect: 0, Receive: 0, Length: 9999, Exceptions: 0)
Non-2xx responses:      1
Total transferred:      16324511 bytes
HTML transferred:       9290706 bytes
Requests per second:    361.67 [#/sec] (mean)
Time per request:       11.060 [ms] (mean)
Time per request:       2.765 [ms] (mean, across all concurrent requests)
Transfer rate:          576.57 [Kbytes/sec] received

Connection Times (ms)
              min  mean[+/-sd] median   max
Connect:        0    0   0.0      0       1
Processing:     6   11  14.0      9     541
Waiting:        5   10  13.9      8     539
Total:          6   11  14.0      9     541

Percentage of the requests served within a certain time (ms)
  50%      9
  66%     10
  75%     13
  80%     14
  90%     15
  95%     17
  98%     26
  99%     35
 100%    541 (longest request)

$ ab -n 10000 -c 4 localhost:3000/posts/1.json
This is ApacheBench, Version 2.3 <$Revision: 1807734 $>
Copyright 1996 Adam Twiss, Zeus Technology Ltd, http://www.zeustech.net/
Licensed to The Apache Software Foundation, http://www.apache.org/

Benchmarking localhost (be patient)
Completed 1000 requests
Completed 2000 requests
Completed 3000 requests
Completed 4000 requests
Completed 5000 requests
Completed 6000 requests
Completed 7000 requests
Completed 8000 requests
Completed 9000 requests
Completed 10000 requests
Finished 10000 requests


Server Software:
Server Hostname:        localhost
Server Port:            3000

Document Path:          /posts/1.json
Document Length:        279 bytes

Concurrency Level:      4
Time taken for tests:   26.275 seconds
Complete requests:      10000
Failed requests:        0
Total transferred:      7280000 bytes
HTML transferred:       2790000 bytes
Requests per second:    380.58 [#/sec] (mean)
Time per request:       10.510 [ms] (mean)
Time per request:       2.628 [ms] (mean, across all concurrent requests)
Transfer rate:          270.57 [Kbytes/sec] received

Connection Times (ms)
              min  mean[+/-sd] median   max
Connect:        0    0   0.0      0       1
Processing:     6   10  20.4      9     999
Waiting:        6   10  20.2      8     992
Total:          6   10  20.4      9     999

Percentage of the requests served within a certain time (ms)
  50%      9
  66%      9
  75%     10
  80%     11
  90%     13
  95%     17
  98%     29
  99%     34
 100%    999 (longest request)
